Rendering to 1000x1000 image
Loaded scene with 3 circles
Loaded scene with 3 circles
---------------------------------------------------------
Initializing CUDA for CudaRenderer
Found 3 CUDA devices
Device 0: NVIDIA GeForce RTX 3090
   SMs:        82
   Global mem: 24260 MB
   CUDA Cap:   8.6
Device 1: NVIDIA GeForce RTX 3090
   SMs:        82
   Global mem: 24260 MB
   CUDA Cap:   8.6
Device 2: NVIDIA GeForce RTX 3090
   SMs:        82
   Global mem: 24260 MB
   CUDA Cap:   8.6
---------------------------------------------------------
WARNING: You're not running on a fast GPU, please consider using NVIDIA GTX 480, 670 or 780.
---------------------------------------------------------

Running benchmark, 1 frames, beginning at frame 0 ...
Copying image data from device
***************** Correctness check passed **************************
Clear:    0.0855 ms
Advance:  0.0010 ms
Render:   0.0558 ms
Total:    0.1422 ms

Overall:  0.0215 sec (note units are seconds)
