Rendering to 1000x1000 image
Loaded data for 100000 circles from snow.par
Loaded scene with 100000 circles
Loaded data for 100000 circles from snow.par
Loaded scene with 100000 circles
---------------------------------------------------------
Initializing CUDA for CudaRenderer
Found 3 CUDA devices
Device 0: NVIDIA GeForce RTX 3090
   SMs:        82
   Global mem: 24260 MB
   CUDA Cap:   8.6
Device 1: NVIDIA GeForce RTX 3090
   SMs:        82
   Global mem: 24260 MB
   CUDA Cap:   8.6
Device 2: NVIDIA GeForce RTX 3090
   SMs:        82
   Global mem: 24260 MB
   CUDA Cap:   8.6
---------------------------------------------------------
WARNING: You're not running on a fast GPU, please consider using NVIDIA GTX 480, 670 or 780.
---------------------------------------------------------

Running benchmark, 1 frames, beginning at frame 0 ...
Copying image data from device
***************** Correctness check passed **************************
Clear:    0.1241 ms
Advance:  0.0009 ms
Render:   160.7589 ms
Total:    160.8839 ms

Overall:  0.4953 sec (note units are seconds)
